src/components/features/ProductCard.tsx(1,1): error TS6133: 'React' is declared but its value is never read.
src/components/layout/Footer.tsx(1,1): error TS6133: 'React' is declared but its value is never read.
src/lib/utils.ts(1,1): error TS6133: 'React' is declared but its value is never read.
src/lib/utils.ts(2,39): error TS2307: Cannot find module 'clsx' or its corresponding type declarations.
src/lib/utils.ts(3,25): error TS2307: Cannot find module 'tailwind-merge' or its corresponding type declarations.
